MPLINK 4.20, Linker
Linker Map File - Created Sun Apr 07 20:38:10 2013

                                 Section Info
                  Section       Type    Address   Location Size(Bytes)
                ---------  ---------  ---------  ---------  ---------
                   .org_0       code   0x000000    program   0x000002
                   .org_1       code   0x000004    program   0x000d02
                    .code       code   0x000685    program   0x000290
                   .org_2       code   0x000800    program   0x000a80
                   .cinit    romdata   0x002000    program   0x000004
                  .config       code   0x002007    program   0x000002
               .udata_shr      udata   0x000071       data   0x000008



                              Program Memory Usage 
                               Start         End      
                           ---------   ---------      
                            0x000000    0x000000      
                            0x000004    0x0007cc      
                            0x000800    0x000d3f      
                            0x002000    0x002001      
                            0x002007    0x002007      
            3341 out of 8453 program addresses used, program memory utilization is 39%



                              Symbols - Sorted by Name
                     Name    Address   Location    Storage File                     
                ---------  ---------  ---------  --------- ---------                
              Actual_Date   0x000b32    program     static C:\Users\Douglas\Downloads\RTC\main.asm
            Actual_Orange   0x000bf3    program     static C:\Users\Douglas\Downloads\RTC\main.asm
          Actual_Patterns   0x000b9c    program     static C:\Users\Douglas\Downloads\RTC\main.asm
              Actual_Time   0x000c16    program     static C:\Users\Douglas\Downloads\RTC\main.asm
             Actual_White   0x000bd2    program     static C:\Users\Douglas\Downloads\RTC\main.asm
             AddoneOrange   0x0003d7    program     static C:\Users\Douglas\Downloads\RTC\main.asm
              AddoneWhite   0x0003c5    program     static C:\Users\Douglas\Downloads\RTC\main.asm
               AnytoStart   0x0004e0    program     static C:\Users\Douglas\Downloads\RTC\main.asm
        Appropriate_Delay   0x0008ef    program     static C:\Users\Douglas\Downloads\RTC\main.asm
                BallsMenu   0x000ca3    program     static C:\Users\Douglas\Downloads\RTC\main.asm
                     Busy   0x00007e    program     static C:\Users\Douglas\Downloads\RTC\main.asm
           ButtonReleased   0x00067d    program     static C:\Users\Douglas\Downloads\RTC\main.asm
                    CC_60   0x0008c1    program     static C:\Users\Douglas\Downloads\RTC\main.asm
Change_Read_Address_Counter_255   0x000370    program     static C:\Users\Douglas\Downloads\RTC\main.asm
                CheckDone   0x0004c0    program     static C:\Users\Douglas\Downloads\RTC\main.asm
            CheckValidBox   0x000451    program     static C:\Users\Douglas\Downloads\RTC\main.asm
          CheckValidInput   0x0002a9    program     static C:\Users\Douglas\Downloads\RTC\main.asm
        CheckValidPattern   0x00048f    program     static C:\Users\Douglas\Downloads\RTC\main.asm
          CheckvalidPage1   0x000978    program     static C:\Users\Douglas\Downloads\RTC\main.asm
          CheckvalidPage2   0x0009fd    program     static C:\Users\Douglas\Downloads\RTC\main.asm
          CheckvalidPage3   0x000a7d    program     static C:\Users\Douglas\Downloads\RTC\main.asm
          CheckvalidPage4   0x000ac1    program     static C:\Users\Douglas\Downloads\RTC\main.asm
                   ClrLCD   0x0007a1    program     extern C:\Users\Douglas\Downloads\RTC\lcd.asm
                 ContMsg2   0x00022d    program     static C:\Users\Douglas\Downloads\RTC\main.asm
                 Cont_Msg   0x000021    program     static C:\Users\Douglas\Downloads\RTC\main.asm
                  DateEnd   0x000b14    program     static C:\Users\Douglas\Downloads\RTC\main.asm
            Date_Finished   0x0000e8    program     static C:\Users\Douglas\Downloads\RTC\main.asm
              Date_of_End   0x000b12    program     static C:\Users\Douglas\Downloads\RTC\main.asm
                  Delay_0   0x000929    program     static C:\Users\Douglas\Downloads\RTC\main.asm
               Disk_Delay   0x0008f3    program     static C:\Users\Douglas\Downloads\RTC\main.asm
             DispenseBall   0x000868    program     static C:\Users\Douglas\Downloads\RTC\main.asm
           DispenseOrange   0x00086b    program     static C:\Users\Douglas\Downloads\RTC\main.asm
            DispenseWhite   0x00086f    program     static C:\Users\Douglas\Downloads\RTC\main.asm
         DisplayDateEnded   0x000a08    program     static C:\Users\Douglas\Downloads\RTC\main.asm
        DisplayEnterBoxes   0x000424    program     static C:\Users\Douglas\Downloads\RTC\main.asm
         DisplayTimeTaken   0x000c67    program     static C:\Users\Douglas\Downloads\RTC\main.asm
           DoneAutonomous   0x000516    program     static C:\Users\Douglas\Downloads\RTC\main.asm
             DoneChecking   0x000cec    program     static C:\Users\Douglas\Downloads\RTC\main.asm
            DoneChecking1   0x0003eb    program     static C:\Users\Douglas\Downloads\RTC\main.asm
           DoneDispensing   0x0008f5    program     static C:\Users\Douglas\Downloads\RTC\main.asm
            DoneInterface   0x0001b1    program     static C:\Users\Douglas\Downloads\RTC\main.asm
       DoneLoadingPattern   0x000830    program     static C:\Users\Douglas\Downloads\RTC\main.asm
               DoneMoving   0x000844    program     static C:\Users\Douglas\Downloads\RTC\main.asm
                 Done_Msg   0x0000ca    program     static C:\Users\Douglas\Downloads\RTC\main.asm
             DownloadLogs   0x000aca    program     static C:\Users\Douglas\Downloads\RTC\main.asm
             Enabletimer0   0x000180    program     static C:\Users\Douglas\Downloads\RTC\main.asm
                  EndMenu   0x00093a    program     static C:\Users\Douglas\Downloads\RTC\main.asm
               EnterBoxes   0x000423    program     static C:\Users\Douglas\Downloads\RTC\main.asm
             EnterPattern   0x00046e    program     static C:\Users\Douglas\Downloads\RTC\main.asm
              Enter_Boxes   0x00000f    program     static C:\Users\Douglas\Downloads\RTC\main.asm
            Enter_Pattern   0x00004b    program     static C:\Users\Douglas\Downloads\RTC\main.asm
            FinalMessages   0x0004c7    program     static C:\Users\Douglas\Downloads\RTC\main.asm
    FinishDownloadingLogs   0x000c26    program     static C:\Users\Douglas\Downloads\RTC\main.asm
        FourthPageEndMenu   0x000a8b    program     static C:\Users\Douglas\Downloads\RTC\main.asm
                   GoBack   0x000d1e    program     static C:\Users\Douglas\Downloads\RTC\main.asm
              GoodPattern   0x0004ad    program     static C:\Users\Douglas\Downloads\RTC\main.asm
                Goodinput   0x0002b0    program     static C:\Users\Douglas\Downloads\RTC\main.asm
            GoodinputLoop   0x0002b1    program     static C:\Users\Douglas\Downloads\RTC\main.asm
           GoodinputPage1   0x000973    program     static C:\Users\Douglas\Downloads\RTC\main.asm
           GoodinputPage2   0x0009f8    program     static C:\Users\Douglas\Downloads\RTC\main.asm
           GoodinputPage3   0x000a7a    program     static C:\Users\Douglas\Downloads\RTC\main.asm
           GoodinputPage4   0x000abe    program     static C:\Users\Douglas\Downloads\RTC\main.asm
                    HalfS   0x000901    program     static C:\Users\Douglas\Downloads\RTC\main.asm
              HighPattern   0x000822    program     static C:\Users\Douglas\Downloads\RTC\main.asm
                  InitLCD   0x000783    program     extern C:\Users\Douglas\Downloads\RTC\lcd.asm
           Interrupt_Code   0x000004    program     static C:\Users\Douglas\Downloads\RTC\main.asm
               InvalidBox   0x00003c    program     static C:\Users\Douglas\Downloads\RTC\main.asm
         InvalidBoxNumber   0x000456    program     static C:\Users\Douglas\Downloads\RTC\main.asm
         InvalidLogNumber   0x0002bf    program     static C:\Users\Douglas\Downloads\RTC\main.asm
            InvalidOption   0x000264    program     static C:\Users\Douglas\Downloads\RTC\main.asm
           InvalidOption2   0x000343    program     static C:\Users\Douglas\Downloads\RTC\main.asm
              InvalidPage   0x000983    program     static C:\Users\Douglas\Downloads\RTC\main.asm
             InvalidPage1   0x00097f    program     static C:\Users\Douglas\Downloads\RTC\main.asm
             InvalidPage2   0x000a04    program     static C:\Users\Douglas\Downloads\RTC\main.asm
             InvalidPage3   0x000a82    program     static C:\Users\Douglas\Downloads\RTC\main.asm
             InvalidPage4   0x000ac6    program     static C:\Users\Douglas\Downloads\RTC\main.asm
     InvalidPatternNumber   0x000493    program     static C:\Users\Douglas\Downloads\RTC\main.asm
      InvalidPatternStart   0x00046f    program     static C:\Users\Douglas\Downloads\RTC\main.asm
   Invalid_Pattern_Number   0x0000b0    program     static C:\Users\Douglas\Downloads\RTC\main.asm
              KPHexToChar   0x000067    program     static C:\Users\Douglas\Downloads\RTC\main.asm
                LCD_DELAY   0x000682    program     static C:\Users\Douglas\Downloads\RTC\main.asm
                 LLD_LOOP   0x0007c6    program     static C:\Users\Douglas\Downloads\RTC\lcd.asm
                 LLD_LOOP   0x000682    program     static C:\Users\Douglas\Downloads\RTC\main.asm
                LoadBalls   0x00031f    program     static C:\Users\Douglas\Downloads\RTC\main.asm
                  LoadBox   0x000831    program     static C:\Users\Douglas\Downloads\RTC\main.asm
              LoadBoxLoop   0x000833    program     static C:\Users\Douglas\Downloads\RTC\main.asm
              LoadPattern   0x000811    program     static C:\Users\Douglas\Downloads\RTC\main.asm
             LoadPattern1   0x00081f    program     static C:\Users\Douglas\Downloads\RTC\main.asm
             LoadPattern2   0x00081c    program     static C:\Users\Douglas\Downloads\RTC\main.asm
             LoadPattern3   0x000819    program     static C:\Users\Douglas\Downloads\RTC\main.asm
             LoadPattern4   0x00082d    program     static C:\Users\Douglas\Downloads\RTC\main.asm
             LoadPattern5   0x00082a    program     static C:\Users\Douglas\Downloads\RTC\main.asm
             LoadPattern6   0x000827    program     static C:\Users\Douglas\Downloads\RTC\main.asm
        LoadPatternNumber   0x000803    program     static C:\Users\Douglas\Downloads\RTC\main.asm
       LoadPatternNumber1   0x000808    program     static C:\Users\Douglas\Downloads\RTC\main.asm
       LoadPatternNumber2   0x00080b    program     static C:\Users\Douglas\Downloads\RTC\main.asm
       LoadPatternNumber3   0x00080e    program     static C:\Users\Douglas\Downloads\RTC\main.asm
                  Loading   0x000800    program     static C:\Users\Douglas\Downloads\RTC\main.asm
                      Log   0x000168    program     static C:\Users\Douglas\Downloads\RTC\main.asm
                 Log_Info   0x00027c    program     static C:\Users\Douglas\Downloads\RTC\main.asm
          Log_Information   0x000030    program     static C:\Users\Douglas\Downloads\RTC\main.asm
               LowPattern   0x000814    program     static C:\Users\Douglas\Downloads\RTC\main.asm
                     Main   0x0001ab    program     static C:\Users\Douglas\Downloads\RTC\main.asm
                  MoveBox   0x000857    program     static C:\Users\Douglas\Downloads\RTC\main.asm
              MoveBoxSlow   0x00085b    program     static C:\Users\Douglas\Downloads\RTC\main.asm
             MoveFirstBox   0x00084c    program     static C:\Users\Douglas\Downloads\RTC\main.asm
                  NewLine   0x000b5b    program     static C:\Users\Douglas\Downloads\RTC\main.asm
             NewOperation   0x000a86    program     static C:\Users\Douglas\Downloads\RTC\main.asm
            New_Operation   0x000086    program     static C:\Users\Douglas\Downloads\RTC\main.asm
              NotFirstBox   0x00084a    program     static C:\Users\Douglas\Downloads\RTC\main.asm
                     OneS   0x000408    program     static C:\Users\Douglas\Downloads\RTC\main.asm
                OneToNine   0x000072    program     static C:\Users\Douglas\Downloads\RTC\main.asm
               OnesHrsSub   0x000601    program     static C:\Users\Douglas\Downloads\RTC\main.asm
          OnesHrsnegative   0x00060f    program     static C:\Users\Douglas\Downloads\RTC\main.asm
               OnesMinSub   0x0005f7    program     static C:\Users\Douglas\Downloads\RTC\main.asm
          OnesMinnegative   0x000617    program     static C:\Users\Douglas\Downloads\RTC\main.asm
               OnesSecSub   0x0005ed    program     static C:\Users\Douglas\Downloads\RTC\main.asm
                   Orange   0x000cd9    program     static C:\Users\Douglas\Downloads\RTC\main.asm
               OrangeLeft   0x000bd8    program     static C:\Users\Douglas\Downloads\RTC\main.asm
         Orange_Remaining   0x000136    program     static C:\Users\Douglas\Downloads\RTC\main.asm
                 OverNine   0x000ce5    program     static C:\Users\Douglas\Downloads\RTC\main.asm
                OverNine1   0x0003e9    program     static C:\Users\Douglas\Downloads\RTC\main.asm
             OverNineSend   0x000bcb    program     static C:\Users\Douglas\Downloads\RTC\main.asm
             OverNineShow   0x0001f6    program     static C:\Users\Douglas\Downloads\RTC\main.asm
           PatternWaiting   0x000489    program     static C:\Users\Douglas\Downloads\RTC\main.asm
          Pattern_Convert   0x000b91    program     static C:\Users\Douglas\Downloads\RTC\main.asm
             Pattern_Good   0x000b96    program     static C:\Users\Douglas\Downloads\RTC\main.asm
           PatternsChosen   0x000cf6    program     static C:\Users\Douglas\Downloads\RTC\main.asm
          PatternsEntered   0x00005b    program     static C:\Users\Douglas\Downloads\RTC\main.asm
          Patterns_Chosen   0x000100    program     static C:\Users\Douglas\Downloads\RTC\main.asm
          Patterns_Picked   0x000b69    program     static C:\Users\Douglas\Downloads\RTC\main.asm
                 Pick_Log   0x000218    program     static C:\Users\Douglas\Downloads\RTC\main.asm
               Press_Star   0x0000d7    program     static C:\Users\Douglas\Downloads\RTC\main.asm
                       QS   0x00092f    program     static C:\Users\Douglas\Downloads\RTC\main.asm
                     QS_0   0x000933    program     static C:\Users\Douglas\Downloads\RTC\main.asm
                   RD_END   0x00071b    program     static C:\Users\Douglas\Downloads\RTC\i2c_common.asm
                   RD_ERR   0x00071a    program     static C:\Users\Douglas\Downloads\RTC\i2c_common.asm
               RS232Setup   0x000ae0    program     static C:\Users\Douglas\Downloads\RTC\main.asm
                    R_END   0x00077d    program     static C:\Users\Douglas\Downloads\RTC\i2c_common.asm
               ReadKeypad   0x00043a    program     static C:\Users\Douglas\Downloads\RTC\main.asm
              ReadKeypad2   0x000293    program     static C:\Users\Douglas\Downloads\RTC\main.asm
              Read_EEPROM   0x0003b9    program     static C:\Users\Douglas\Downloads\RTC\main.asm
              Reset_Balls   0x00031a    program     static C:\Users\Douglas\Downloads\RTC\main.asm
   RetrieveAddressCounter   0x000364    program     static C:\Users\Douglas\Downloads\RTC\main.asm
              RetrieveLog   0x00035b    program     static C:\Users\Douglas\Downloads\RTC\main.asm
           Retrieve_Balls   0x00031d    program     static C:\Users\Douglas\Downloads\RTC\main.asm
             Retrieveinfo   0x000374    program     static C:\Users\Douglas\Downloads\RTC\main.asm
  Save0intoaddresscounter   0x0001fe    program     static C:\Users\Douglas\Downloads\RTC\main.asm
       SaveAddressCounter   0x000640    program     static C:\Users\Douglas\Downloads\RTC\main.asm
         SaveBottomEEPROM   0x000623    program     static C:\Users\Douglas\Downloads\RTC\main.asm
             SaveEndTimes   0x00051f    program     static C:\Users\Douglas\Downloads\RTC\main.asm
          SaveTimeStarted   0x0004ed    program     static C:\Users\Douglas\Downloads\RTC\main.asm
            SaveTopEEPROM   0x0005a2    program     static C:\Users\Douglas\Downloads\RTC\main.asm
        SecondPageEndMenu   0x0009bd    program     static C:\Users\Douglas\Downloads\RTC\main.asm
             SendTheBalls   0x000bc6    program     static C:\Users\Douglas\Downloads\RTC\main.asm
             Send_Working   0x000b60    program     static C:\Users\Douglas\Downloads\RTC\main.asm
      Send_Working_Number   0x000b66    program     static C:\Users\Douglas\Downloads\RTC\main.asm
            SeparatorCC60   0x000891    program     static C:\Users\Douglas\Downloads\RTC\main.asm
     SeparatorCC_Rotation   0x000893    program     static C:\Users\Douglas\Downloads\RTC\main.asm
         SeparatorClock60   0x000873    program     static C:\Users\Douglas\Downloads\RTC\main.asm
  SeparatorClock_Rotation   0x000875    program     static C:\Users\Douglas\Downloads\RTC\main.asm
                Set_Balls   0x0002d7    program     static C:\Users\Douglas\Downloads\RTC\main.asm
               Show_Balls   0x0001cc    program     static C:\Users\Douglas\Downloads\RTC\main.asm
                  Standby   0x000552    program     static C:\Users\Douglas\Downloads\RTC\main.asm
              StarPressed   0x000418    program     static C:\Users\Douglas\Downloads\RTC\main.asm
                Start_Msg   0x000097    program     static C:\Users\Douglas\Downloads\RTC\main.asm
        StartingInterface   0x000243    program     static C:\Users\Douglas\Downloads\RTC\main.asm
             Switch_Lines   0x000215    program     static C:\Users\Douglas\Downloads\RTC\main.asm
          Switch_To_Page0   0x000d3c    program     static C:\Users\Douglas\Downloads\RTC\main.asm
          Switch_To_Page1   0x0003f1    program     static C:\Users\Douglas\Downloads\RTC\main.asm
               TensHrsSub   0x000606    program     static C:\Users\Douglas\Downloads\RTC\main.asm
          TensHrsnegative   0x00060c    program     static C:\Users\Douglas\Downloads\RTC\main.asm
               TensMinSub   0x0005fc    program     static C:\Users\Douglas\Downloads\RTC\main.asm
          TensMinnegative   0x000613    program     static C:\Users\Douglas\Downloads\RTC\main.asm
               TensSecSub   0x0005f2    program     static C:\Users\Douglas\Downloads\RTC\main.asm
          TensSecnegative   0x00061b    program     static C:\Users\Douglas\Downloads\RTC\main.asm
         ThirdPageEndMenu   0x000a47    program     static C:\Users\Douglas\Downloads\RTC\main.asm
             Time_Elapsed   0x000bf9    program     static C:\Users\Douglas\Downloads\RTC\main.asm
               Time_Taken   0x000151    program     static C:\Users\Douglas\Downloads\RTC\main.asm
            UnderNineSend   0x000bcf    program     static C:\Users\Douglas\Downloads\RTC\main.asm
            UnderNineShow   0x0001fa    program     static C:\Users\Douglas\Downloads\RTC\main.asm
           UpdatePattern1   0x000673    program     static C:\Users\Douglas\Downloads\RTC\main.asm
           UpdatePattern2   0x000677    program     static C:\Users\Douglas\Downloads\RTC\main.asm
           UpdatePattern3   0x00067b    program     static C:\Users\Douglas\Downloads\RTC\main.asm
                  WR_DATA   0x0007b3    program     extern C:\Users\Douglas\Downloads\RTC\lcd.asm
                   WR_END   0x0006cc    program     static C:\Users\Douglas\Downloads\RTC\i2c_common.asm
                   WR_ERR   0x0006cb    program     static C:\Users\Douglas\Downloads\RTC\i2c_common.asm
                   WR_INS   0x0007a4    program     extern C:\Users\Douglas\Downloads\RTC\lcd.asm
                    W_END   0x000753    program     static C:\Users\Douglas\Downloads\RTC\i2c_common.asm
                    White   0x000ccd    program     static C:\Users\Douglas\Downloads\RTC\main.asm
                WhiteLeft   0x000bac    program     static C:\Users\Douglas\Downloads\RTC\main.asm
          White_Remaining   0x00011c    program     static C:\Users\Douglas\Downloads\RTC\main.asm
        WriteEEPROMBottom   0x00065d    program     static C:\Users\Douglas\Downloads\RTC\main.asm
           WriteEEPROMTop   0x000657    program     static C:\Users\Douglas\Downloads\RTC\main.asm
            WriteTheBalls   0x0001f1    program     static C:\Users\Douglas\Downloads\RTC\main.asm
              _.code_0010   0x000695    program     static C:\Users\Douglas\Downloads\RTC\i2c_common.asm
              _.code_0016   0x00069b    program     static C:\Users\Douglas\Downloads\RTC\i2c_common.asm
              _.code_001E   0x0006a3    program     static C:\Users\Douglas\Downloads\RTC\i2c_common.asm
              _.code_002E   0x0006b3    program     static C:\Users\Douglas\Downloads\RTC\i2c_common.asm
              _.code_003E   0x0006c3    program     static C:\Users\Douglas\Downloads\RTC\i2c_common.asm
              _.code_0046   0x0007c9    program     static C:\Users\Douglas\Downloads\RTC\lcd.asm
              _.code_004B   0x0006d0    program     static C:\Users\Douglas\Downloads\RTC\i2c_common.asm
              _.code_0051   0x0006d6    program     static C:\Users\Douglas\Downloads\RTC\i2c_common.asm
              _.code_0059   0x0006de    program     static C:\Users\Douglas\Downloads\RTC\i2c_common.asm
              _.code_0069   0x0006ee    program     static C:\Users\Douglas\Downloads\RTC\i2c_common.asm
              _.code_0074   0x0006f9    program     static C:\Users\Douglas\Downloads\RTC\i2c_common.asm
              _.code_007C   0x000701    program     static C:\Users\Douglas\Downloads\RTC\i2c_common.asm
              _.code_0087   0x00070c    program     static C:\Users\Douglas\Downloads\RTC\i2c_common.asm
              _.code_0093   0x000718    program     static C:\Users\Douglas\Downloads\RTC\i2c_common.asm
              _.code_009A   0x00071f    program     static C:\Users\Douglas\Downloads\RTC\i2c_common.asm
              _.code_00AE   0x000733    program     static C:\Users\Douglas\Downloads\RTC\i2c_common.asm
              _.code_00B6   0x00073b    program     static C:\Users\Douglas\Downloads\RTC\i2c_common.asm
              _.code_00C6   0x00074b    program     static C:\Users\Douglas\Downloads\RTC\i2c_common.asm
              _.code_00D2   0x000757    program     static C:\Users\Douglas\Downloads\RTC\i2c_common.asm
              _.code_00D8   0x00075d    program     static C:\Users\Douglas\Downloads\RTC\i2c_common.asm
              _.code_00E0   0x000765    program     static C:\Users\Douglas\Downloads\RTC\i2c_common.asm
              _.code_00EB   0x000770    program     static C:\Users\Douglas\Downloads\RTC\i2c_common.asm
              _.code_00F7   0x00077c    program     static C:\Users\Douglas\Downloads\RTC\i2c_common.asm
              _.code_00FC   0x000781    program     static C:\Users\Douglas\Downloads\RTC\i2c_common.asm
             _.org_1_0005   0x000005    program     static C:\Users\Douglas\Downloads\RTC\main.asm
             _.org_1_020F   0x00020f    program     static C:\Users\Douglas\Downloads\RTC\main.asm
             _.org_1_025A   0x00025a    program     static C:\Users\Douglas\Downloads\RTC\main.asm
             _.org_1_0262   0x000262    program     static C:\Users\Douglas\Downloads\RTC\main.asm
             _.org_1_0294   0x000294    program     static C:\Users\Douglas\Downloads\RTC\main.asm
             _.org_1_029D   0x00029d    program     static C:\Users\Douglas\Downloads\RTC\main.asm
             _.org_1_029F   0x00029f    program     static C:\Users\Douglas\Downloads\RTC\main.asm
             _.org_1_02A7   0x0002a7    program     static C:\Users\Douglas\Downloads\RTC\main.asm
             _.org_1_0312   0x000312    program     static C:\Users\Douglas\Downloads\RTC\main.asm
             _.org_1_0320   0x000320    program     static C:\Users\Douglas\Downloads\RTC\main.asm
             _.org_1_03ED   0x0003ed    program     static C:\Users\Douglas\Downloads\RTC\main.asm
             _.org_1_03EF   0x0003ef    program     static C:\Users\Douglas\Downloads\RTC\main.asm
             _.org_1_03F9   0x0003f9    program     static C:\Users\Douglas\Downloads\RTC\main.asm
             _.org_1_03FC   0x0003fc    program     static C:\Users\Douglas\Downloads\RTC\main.asm
             _.org_1_0403   0x000403    program     static C:\Users\Douglas\Downloads\RTC\main.asm
             _.org_1_0406   0x000406    program     static C:\Users\Douglas\Downloads\RTC\main.asm
             _.org_1_040F   0x00040f    program     static C:\Users\Douglas\Downloads\RTC\main.asm
             _.org_1_0411   0x000411    program     static C:\Users\Douglas\Downloads\RTC\main.asm
             _.org_1_0414   0x000414    program     static C:\Users\Douglas\Downloads\RTC\main.asm
             _.org_1_041B   0x00041b    program     static C:\Users\Douglas\Downloads\RTC\main.asm
             _.org_1_0421   0x000421    program     static C:\Users\Douglas\Downloads\RTC\main.asm
             _.org_1_043B   0x00043b    program     static C:\Users\Douglas\Downloads\RTC\main.asm
             _.org_1_0445   0x000445    program     static C:\Users\Douglas\Downloads\RTC\main.asm
             _.org_1_0447   0x000447    program     static C:\Users\Douglas\Downloads\RTC\main.asm
             _.org_1_044F   0x00044f    program     static C:\Users\Douglas\Downloads\RTC\main.asm
             _.org_1_048A   0x00048a    program     static C:\Users\Douglas\Downloads\RTC\main.asm
             _.org_1_04B5   0x0004b5    program     static C:\Users\Douglas\Downloads\RTC\main.asm
             _.org_1_04B7   0x0004b7    program     static C:\Users\Douglas\Downloads\RTC\main.asm
             _.org_1_04BF   0x0004bf    program     static C:\Users\Douglas\Downloads\RTC\main.asm
             _.org_1_04EC   0x0004ec    program     static C:\Users\Douglas\Downloads\RTC\main.asm
             _.org_1_0651   0x000651    program     static C:\Users\Douglas\Downloads\RTC\main.asm
             _.org_1_0669   0x000669    program     static C:\Users\Douglas\Downloads\RTC\main.asm
             _.org_1_067E   0x00067e    program     static C:\Users\Douglas\Downloads\RTC\main.asm
             _.org_2_0908   0x000908    program     static C:\Users\Douglas\Downloads\RTC\main.asm
             _.org_2_090A   0x00090a    program     static C:\Users\Douglas\Downloads\RTC\main.asm
             _.org_2_090D   0x00090d    program     static C:\Users\Douglas\Downloads\RTC\main.asm
             _.org_2_0916   0x000916    program     static C:\Users\Douglas\Downloads\RTC\main.asm
             _.org_2_0919   0x000919    program     static C:\Users\Douglas\Downloads\RTC\main.asm
             _.org_2_0920   0x000920    program     static C:\Users\Douglas\Downloads\RTC\main.asm
             _.org_2_0923   0x000923    program     static C:\Users\Douglas\Downloads\RTC\main.asm
             _.org_2_092A   0x00092a    program     static C:\Users\Douglas\Downloads\RTC\main.asm
             _.org_2_092D   0x00092d    program     static C:\Users\Douglas\Downloads\RTC\main.asm
             _.org_2_0934   0x000934    program     static C:\Users\Douglas\Downloads\RTC\main.asm
             _.org_2_0937   0x000937    program     static C:\Users\Douglas\Downloads\RTC\main.asm
             _.org_2_0971   0x000971    program     static C:\Users\Douglas\Downloads\RTC\main.asm
             _.org_2_09F6   0x0009f6    program     static C:\Users\Douglas\Downloads\RTC\main.asm
             _.org_2_0A78   0x000a78    program     static C:\Users\Douglas\Downloads\RTC\main.asm
             _.org_2_0ABC   0x000abc    program     static C:\Users\Douglas\Downloads\RTC\main.asm
             _.org_2_0B63   0x000b63    program     static C:\Users\Douglas\Downloads\RTC\main.asm
             _.org_2_0CC9   0x000cc9    program     static C:\Users\Douglas\Downloads\RTC\main.asm
                _0HalfS_0   0x000907    program     static C:\Users\Douglas\Downloads\RTC\main.asm
                 _0OneS_0   0x00040e    program     static C:\Users\Douglas\Downloads\RTC\main.asm
                  _11end_   0x0001c0    program     static C:\Users\Douglas\Downloads\RTC\main.asm
                 _11loop_   0x0001b8    program     static C:\Users\Douglas\Downloads\RTC\main.asm
                  _14end_   0x00024e    program     static C:\Users\Douglas\Downloads\RTC\main.asm
                 _14loop_   0x000246    program     static C:\Users\Douglas\Downloads\RTC\main.asm
                  _15end_   0x000259    program     static C:\Users\Douglas\Downloads\RTC\main.asm
                 _15loop_   0x000251    program     static C:\Users\Douglas\Downloads\RTC\main.asm
                  _16end_   0x00026f    program     static C:\Users\Douglas\Downloads\RTC\main.asm
                 _16loop_   0x000267    program     static C:\Users\Douglas\Downloads\RTC\main.asm
                  _17end_   0x00027a    program     static C:\Users\Douglas\Downloads\RTC\main.asm
                 _17loop_   0x000272    program     static C:\Users\Douglas\Downloads\RTC\main.asm
                  _18end_   0x000287    program     static C:\Users\Douglas\Downloads\RTC\main.asm
                 _18loop_   0x00027f    program     static C:\Users\Douglas\Downloads\RTC\main.asm
                  _19end_   0x000292    program     static C:\Users\Douglas\Downloads\RTC\main.asm
                 _19loop_   0x00028a    program     static C:\Users\Douglas\Downloads\RTC\main.asm
                  _20end_   0x0002ca    program     static C:\Users\Douglas\Downloads\RTC\main.asm
                 _20loop_   0x0002c2    program     static C:\Users\Douglas\Downloads\RTC\main.asm
                  _21end_   0x0002d5    program     static C:\Users\Douglas\Downloads\RTC\main.asm
                 _21loop_   0x0002cd    program     static C:\Users\Douglas\Downloads\RTC\main.asm
                  _22end_   0x000341    program     static C:\Users\Douglas\Downloads\RTC\main.asm
                 _22loop_   0x000339    program     static C:\Users\Douglas\Downloads\RTC\main.asm
                  _23end_   0x00034e    program     static C:\Users\Douglas\Downloads\RTC\main.asm
                 _23loop_   0x000346    program     static C:\Users\Douglas\Downloads\RTC\main.asm
                  _24end_   0x000359    program     static C:\Users\Douglas\Downloads\RTC\main.asm
                 _24loop_   0x000351    program     static C:\Users\Douglas\Downloads\RTC\main.asm
                  _25end_   0x00042f    program     static C:\Users\Douglas\Downloads\RTC\main.asm
                 _25loop_   0x000427    program     static C:\Users\Douglas\Downloads\RTC\main.asm
                  _26end_   0x00043a    program     static C:\Users\Douglas\Downloads\RTC\main.asm
                 _26loop_   0x000432    program     static C:\Users\Douglas\Downloads\RTC\main.asm
                  _27end_   0x000461    program     static C:\Users\Douglas\Downloads\RTC\main.asm
                 _27loop_   0x000459    program     static C:\Users\Douglas\Downloads\RTC\main.asm
                  _28end_   0x00046c    program     static C:\Users\Douglas\Downloads\RTC\main.asm
                 _28loop_   0x000464    program     static C:\Users\Douglas\Downloads\RTC\main.asm
                  _29end_   0x00047a    program     static C:\Users\Douglas\Downloads\RTC\main.asm
                 _29loop_   0x000472    program     static C:\Users\Douglas\Downloads\RTC\main.asm
                  _30end_   0x000489    program     static C:\Users\Douglas\Downloads\RTC\main.asm
                 _30loop_   0x000481    program     static C:\Users\Douglas\Downloads\RTC\main.asm
                  _31end_   0x00049e    program     static C:\Users\Douglas\Downloads\RTC\main.asm
                 _31loop_   0x000496    program     static C:\Users\Douglas\Downloads\RTC\main.asm
                  _32end_   0x0004ab    program     static C:\Users\Douglas\Downloads\RTC\main.asm
                 _32loop_   0x0004a3    program     static C:\Users\Douglas\Downloads\RTC\main.asm
                  _33end_   0x0004d2    program     static C:\Users\Douglas\Downloads\RTC\main.asm
                 _33loop_   0x0004ca    program     static C:\Users\Douglas\Downloads\RTC\main.asm
                  _34end_   0x0004eb    program     static C:\Users\Douglas\Downloads\RTC\main.asm
                 _34loop_   0x0004e3    program     static C:\Users\Douglas\Downloads\RTC\main.asm
                  _41end_   0x000551    program     static C:\Users\Douglas\Downloads\RTC\main.asm
                 _41loop_   0x000549    program     static C:\Users\Douglas\Downloads\RTC\main.asm
                  _45end_   0x0005a2    program     static C:\Users\Douglas\Downloads\RTC\main.asm
                 _45loop_   0x00059a    program     static C:\Users\Douglas\Downloads\RTC\main.asm
                     add1   0x000b9a    program     static C:\Users\Douglas\Downloads\RTC\main.asm
                 convert8   0x000b98    program     static C:\Users\Douglas\Downloads\RTC\main.asm
              endsubtract   0x000623    program     static C:\Users\Douglas\Downloads\RTC\main.asm
         i2c_common_setup   0x000685    program     extern C:\Users\Douglas\Downloads\RTC\i2c_common.asm
                     init   0x000180    program     static C:\Users\Douglas\Downloads\RTC\main.asm
                   initPC   0x000ad9    program     static C:\Users\Douglas\Downloads\RTC\main.asm
                   labela   0x00009f    program     static C:\Users\Douglas\Downloads\RTC\main.asm
                   labelb   0x0000b8    program     static C:\Users\Douglas\Downloads\RTC\main.asm
                   labelc   0x0000d2    program     static C:\Users\Douglas\Downloads\RTC\main.asm
                   labeld   0x0000df    program     static C:\Users\Douglas\Downloads\RTC\main.asm
                   labele   0x000220    program     static C:\Users\Douglas\Downloads\RTC\main.asm
                   labelf   0x000235    program     static C:\Users\Douglas\Downloads\RTC\main.asm
                   labelg   0x000124    program     static C:\Users\Douglas\Downloads\RTC\main.asm
                   labelh   0x00013e    program     static C:\Users\Douglas\Downloads\RTC\main.asm
                   labeli   0x000159    program     static C:\Users\Douglas\Downloads\RTC\main.asm
                   labelj   0x0000f0    program     static C:\Users\Douglas\Downloads\RTC\main.asm
                   labelk   0x000108    program     static C:\Users\Douglas\Downloads\RTC\main.asm
                   labell   0x000170    program     static C:\Users\Douglas\Downloads\RTC\main.asm
             lcdLongDelay   0x0007c4    program     static C:\Users\Douglas\Downloads\RTC\lcd.asm
             lcdLongDelay   0x000680    program     static C:\Users\Douglas\Downloads\RTC\main.asm
          onessecnegative   0x00061f    program     static C:\Users\Douglas\Downloads\RTC\main.asm
                 p2p_read   0x000759    program     extern C:\Users\Douglas\Downloads\RTC\i2c_common.asm
                p2p_write   0x00072f    program     extern C:\Users\Douglas\Downloads\RTC\i2c_common.asm
                  point01   0x00091b    program     static C:\Users\Douglas\Downloads\RTC\main.asm
                point01_0   0x00091f    program     static C:\Users\Douglas\Downloads\RTC\main.asm
             point01_0pg0   0x0003f8    program     static C:\Users\Douglas\Downloads\RTC\main.asm
               point01pg0   0x0003f4    program     static C:\Users\Douglas\Downloads\RTC\main.asm
                  point06   0x000911    program     static C:\Users\Douglas\Downloads\RTC\main.asm
                point06_0   0x000915    program     static C:\Users\Douglas\Downloads\RTC\main.asm
                 read_rtc   0x0006d2    program     extern C:\Users\Douglas\Downloads\RTC\i2c_common.asm
              rtc_convert   0x000721    program     extern C:\Users\Douglas\Downloads\RTC\i2c_common.asm
                    start   0x000aea    program     static C:\Users\Douglas\Downloads\RTC\main.asm
                write_rtc   0x000697    program     extern C:\Users\Douglas\Downloads\RTC\i2c_common.asm
              writenumber   0x00066f    program     static C:\Users\Douglas\Downloads\RTC\main.asm
             zeropointone   0x000925    program     static C:\Users\Douglas\Downloads\RTC\main.asm
          zeropointonepg0   0x0003fe    program     static C:\Users\Douglas\Downloads\RTC\main.asm
        zeropointonepg0_0   0x000402    program     static C:\Users\Douglas\Downloads\RTC\main.asm
                   COUNTH   0x000076       data     static C:\Users\Douglas\Downloads\RTC\main.asm
                   COUNTL   0x000078       data     static C:\Users\Douglas\Downloads\RTC\main.asm
                   COUNTM   0x000077       data     static C:\Users\Douglas\Downloads\RTC\main.asm
                      com   0x000074       data     static C:\Users\Douglas\Downloads\RTC\lcd.asm
                      dat   0x000075       data     static C:\Users\Douglas\Downloads\RTC\lcd.asm
                   lcd_d1   0x000072       data     static C:\Users\Douglas\Downloads\RTC\lcd.asm
                   lcd_d2   0x000073       data     static C:\Users\Douglas\Downloads\RTC\lcd.asm
                  lcd_tmp   0x000071       data     static C:\Users\Douglas\Downloads\RTC\lcd.asm



                              Symbols - Sorted by Address
                     Name    Address   Location    Storage File                     
                ---------  ---------  ---------  --------- ---------                
           Interrupt_Code   0x000004    program     static C:\Users\Douglas\Downloads\RTC\main.asm
             _.org_1_0005   0x000005    program     static C:\Users\Douglas\Downloads\RTC\main.asm
              Enter_Boxes   0x00000f    program     static C:\Users\Douglas\Downloads\RTC\main.asm
                 Cont_Msg   0x000021    program     static C:\Users\Douglas\Downloads\RTC\main.asm
          Log_Information   0x000030    program     static C:\Users\Douglas\Downloads\RTC\main.asm
               InvalidBox   0x00003c    program     static C:\Users\Douglas\Downloads\RTC\main.asm
            Enter_Pattern   0x00004b    program     static C:\Users\Douglas\Downloads\RTC\main.asm
          PatternsEntered   0x00005b    program     static C:\Users\Douglas\Downloads\RTC\main.asm
              KPHexToChar   0x000067    program     static C:\Users\Douglas\Downloads\RTC\main.asm
                OneToNine   0x000072    program     static C:\Users\Douglas\Downloads\RTC\main.asm
                     Busy   0x00007e    program     static C:\Users\Douglas\Downloads\RTC\main.asm
            New_Operation   0x000086    program     static C:\Users\Douglas\Downloads\RTC\main.asm
                Start_Msg   0x000097    program     static C:\Users\Douglas\Downloads\RTC\main.asm
                   labela   0x00009f    program     static C:\Users\Douglas\Downloads\RTC\main.asm
   Invalid_Pattern_Number   0x0000b0    program     static C:\Users\Douglas\Downloads\RTC\main.asm
                   labelb   0x0000b8    program     static C:\Users\Douglas\Downloads\RTC\main.asm
                 Done_Msg   0x0000ca    program     static C:\Users\Douglas\Downloads\RTC\main.asm
                   labelc   0x0000d2    program     static C:\Users\Douglas\Downloads\RTC\main.asm
               Press_Star   0x0000d7    program     static C:\Users\Douglas\Downloads\RTC\main.asm
                   labeld   0x0000df    program     static C:\Users\Douglas\Downloads\RTC\main.asm
            Date_Finished   0x0000e8    program     static C:\Users\Douglas\Downloads\RTC\main.asm
                   labelj   0x0000f0    program     static C:\Users\Douglas\Downloads\RTC\main.asm
          Patterns_Chosen   0x000100    program     static C:\Users\Douglas\Downloads\RTC\main.asm
                   labelk   0x000108    program     static C:\Users\Douglas\Downloads\RTC\main.asm
          White_Remaining   0x00011c    program     static C:\Users\Douglas\Downloads\RTC\main.asm
                   labelg   0x000124    program     static C:\Users\Douglas\Downloads\RTC\main.asm
         Orange_Remaining   0x000136    program     static C:\Users\Douglas\Downloads\RTC\main.asm
                   labelh   0x00013e    program     static C:\Users\Douglas\Downloads\RTC\main.asm
               Time_Taken   0x000151    program     static C:\Users\Douglas\Downloads\RTC\main.asm
                   labeli   0x000159    program     static C:\Users\Douglas\Downloads\RTC\main.asm
                      Log   0x000168    program     static C:\Users\Douglas\Downloads\RTC\main.asm
                   labell   0x000170    program     static C:\Users\Douglas\Downloads\RTC\main.asm
             Enabletimer0   0x000180    program     static C:\Users\Douglas\Downloads\RTC\main.asm
                     init   0x000180    program     static C:\Users\Douglas\Downloads\RTC\main.asm
                     Main   0x0001ab    program     static C:\Users\Douglas\Downloads\RTC\main.asm
            DoneInterface   0x0001b1    program     static C:\Users\Douglas\Downloads\RTC\main.asm
                 _11loop_   0x0001b8    program     static C:\Users\Douglas\Downloads\RTC\main.asm
                  _11end_   0x0001c0    program     static C:\Users\Douglas\Downloads\RTC\main.asm
               Show_Balls   0x0001cc    program     static C:\Users\Douglas\Downloads\RTC\main.asm
            WriteTheBalls   0x0001f1    program     static C:\Users\Douglas\Downloads\RTC\main.asm
             OverNineShow   0x0001f6    program     static C:\Users\Douglas\Downloads\RTC\main.asm
            UnderNineShow   0x0001fa    program     static C:\Users\Douglas\Downloads\RTC\main.asm
  Save0intoaddresscounter   0x0001fe    program     static C:\Users\Douglas\Downloads\RTC\main.asm
             _.org_1_020F   0x00020f    program     static C:\Users\Douglas\Downloads\RTC\main.asm
             Switch_Lines   0x000215    program     static C:\Users\Douglas\Downloads\RTC\main.asm
                 Pick_Log   0x000218    program     static C:\Users\Douglas\Downloads\RTC\main.asm
                   labele   0x000220    program     static C:\Users\Douglas\Downloads\RTC\main.asm
                 ContMsg2   0x00022d    program     static C:\Users\Douglas\Downloads\RTC\main.asm
                   labelf   0x000235    program     static C:\Users\Douglas\Downloads\RTC\main.asm
        StartingInterface   0x000243    program     static C:\Users\Douglas\Downloads\RTC\main.asm
                 _14loop_   0x000246    program     static C:\Users\Douglas\Downloads\RTC\main.asm
                  _14end_   0x00024e    program     static C:\Users\Douglas\Downloads\RTC\main.asm
                 _15loop_   0x000251    program     static C:\Users\Douglas\Downloads\RTC\main.asm
                  _15end_   0x000259    program     static C:\Users\Douglas\Downloads\RTC\main.asm
             _.org_1_025A   0x00025a    program     static C:\Users\Douglas\Downloads\RTC\main.asm
             _.org_1_0262   0x000262    program     static C:\Users\Douglas\Downloads\RTC\main.asm
            InvalidOption   0x000264    program     static C:\Users\Douglas\Downloads\RTC\main.asm
                 _16loop_   0x000267    program     static C:\Users\Douglas\Downloads\RTC\main.asm
                  _16end_   0x00026f    program     static C:\Users\Douglas\Downloads\RTC\main.asm
                 _17loop_   0x000272    program     static C:\Users\Douglas\Downloads\RTC\main.asm
                  _17end_   0x00027a    program     static C:\Users\Douglas\Downloads\RTC\main.asm
                 Log_Info   0x00027c    program     static C:\Users\Douglas\Downloads\RTC\main.asm
                 _18loop_   0x00027f    program     static C:\Users\Douglas\Downloads\RTC\main.asm
                  _18end_   0x000287    program     static C:\Users\Douglas\Downloads\RTC\main.asm
                 _19loop_   0x00028a    program     static C:\Users\Douglas\Downloads\RTC\main.asm
                  _19end_   0x000292    program     static C:\Users\Douglas\Downloads\RTC\main.asm
              ReadKeypad2   0x000293    program     static C:\Users\Douglas\Downloads\RTC\main.asm
             _.org_1_0294   0x000294    program     static C:\Users\Douglas\Downloads\RTC\main.asm
             _.org_1_029D   0x00029d    program     static C:\Users\Douglas\Downloads\RTC\main.asm
             _.org_1_029F   0x00029f    program     static C:\Users\Douglas\Downloads\RTC\main.asm
             _.org_1_02A7   0x0002a7    program     static C:\Users\Douglas\Downloads\RTC\main.asm
          CheckValidInput   0x0002a9    program     static C:\Users\Douglas\Downloads\RTC\main.asm
                Goodinput   0x0002b0    program     static C:\Users\Douglas\Downloads\RTC\main.asm
            GoodinputLoop   0x0002b1    program     static C:\Users\Douglas\Downloads\RTC\main.asm
         InvalidLogNumber   0x0002bf    program     static C:\Users\Douglas\Downloads\RTC\main.asm
                 _20loop_   0x0002c2    program     static C:\Users\Douglas\Downloads\RTC\main.asm
                  _20end_   0x0002ca    program     static C:\Users\Douglas\Downloads\RTC\main.asm
                 _21loop_   0x0002cd    program     static C:\Users\Douglas\Downloads\RTC\main.asm
                  _21end_   0x0002d5    program     static C:\Users\Douglas\Downloads\RTC\main.asm
                Set_Balls   0x0002d7    program     static C:\Users\Douglas\Downloads\RTC\main.asm
             _.org_1_0312   0x000312    program     static C:\Users\Douglas\Downloads\RTC\main.asm
              Reset_Balls   0x00031a    program     static C:\Users\Douglas\Downloads\RTC\main.asm
           Retrieve_Balls   0x00031d    program     static C:\Users\Douglas\Downloads\RTC\main.asm
                LoadBalls   0x00031f    program     static C:\Users\Douglas\Downloads\RTC\main.asm
             _.org_1_0320   0x000320    program     static C:\Users\Douglas\Downloads\RTC\main.asm
                 _22loop_   0x000339    program     static C:\Users\Douglas\Downloads\RTC\main.asm
                  _22end_   0x000341    program     static C:\Users\Douglas\Downloads\RTC\main.asm
           InvalidOption2   0x000343    program     static C:\Users\Douglas\Downloads\RTC\main.asm
                 _23loop_   0x000346    program     static C:\Users\Douglas\Downloads\RTC\main.asm
                  _23end_   0x00034e    program     static C:\Users\Douglas\Downloads\RTC\main.asm
                 _24loop_   0x000351    program     static C:\Users\Douglas\Downloads\RTC\main.asm
                  _24end_   0x000359    program     static C:\Users\Douglas\Downloads\RTC\main.asm
              RetrieveLog   0x00035b    program     static C:\Users\Douglas\Downloads\RTC\main.asm
   RetrieveAddressCounter   0x000364    program     static C:\Users\Douglas\Downloads\RTC\main.asm
Change_Read_Address_Counter_255   0x000370    program     static C:\Users\Douglas\Downloads\RTC\main.asm
             Retrieveinfo   0x000374    program     static C:\Users\Douglas\Downloads\RTC\main.asm
              Read_EEPROM   0x0003b9    program     static C:\Users\Douglas\Downloads\RTC\main.asm
              AddoneWhite   0x0003c5    program     static C:\Users\Douglas\Downloads\RTC\main.asm
             AddoneOrange   0x0003d7    program     static C:\Users\Douglas\Downloads\RTC\main.asm
                OverNine1   0x0003e9    program     static C:\Users\Douglas\Downloads\RTC\main.asm
            DoneChecking1   0x0003eb    program     static C:\Users\Douglas\Downloads\RTC\main.asm
             _.org_1_03ED   0x0003ed    program     static C:\Users\Douglas\Downloads\RTC\main.asm
             _.org_1_03EF   0x0003ef    program     static C:\Users\Douglas\Downloads\RTC\main.asm
          Switch_To_Page1   0x0003f1    program     static C:\Users\Douglas\Downloads\RTC\main.asm
               point01pg0   0x0003f4    program     static C:\Users\Douglas\Downloads\RTC\main.asm
             point01_0pg0   0x0003f8    program     static C:\Users\Douglas\Downloads\RTC\main.asm
             _.org_1_03F9   0x0003f9    program     static C:\Users\Douglas\Downloads\RTC\main.asm
             _.org_1_03FC   0x0003fc    program     static C:\Users\Douglas\Downloads\RTC\main.asm
          zeropointonepg0   0x0003fe    program     static C:\Users\Douglas\Downloads\RTC\main.asm
        zeropointonepg0_0   0x000402    program     static C:\Users\Douglas\Downloads\RTC\main.asm
             _.org_1_0403   0x000403    program     static C:\Users\Douglas\Downloads\RTC\main.asm
             _.org_1_0406   0x000406    program     static C:\Users\Douglas\Downloads\RTC\main.asm
                     OneS   0x000408    program     static C:\Users\Douglas\Downloads\RTC\main.asm
                 _0OneS_0   0x00040e    program     static C:\Users\Douglas\Downloads\RTC\main.asm
             _.org_1_040F   0x00040f    program     static C:\Users\Douglas\Downloads\RTC\main.asm
             _.org_1_0411   0x000411    program     static C:\Users\Douglas\Downloads\RTC\main.asm
             _.org_1_0414   0x000414    program     static C:\Users\Douglas\Downloads\RTC\main.asm
              StarPressed   0x000418    program     static C:\Users\Douglas\Downloads\RTC\main.asm
             _.org_1_041B   0x00041b    program     static C:\Users\Douglas\Downloads\RTC\main.asm
             _.org_1_0421   0x000421    program     static C:\Users\Douglas\Downloads\RTC\main.asm
               EnterBoxes   0x000423    program     static C:\Users\Douglas\Downloads\RTC\main.asm
        DisplayEnterBoxes   0x000424    program     static C:\Users\Douglas\Downloads\RTC\main.asm
                 _25loop_   0x000427    program     static C:\Users\Douglas\Downloads\RTC\main.asm
                  _25end_   0x00042f    program     static C:\Users\Douglas\Downloads\RTC\main.asm
                 _26loop_   0x000432    program     static C:\Users\Douglas\Downloads\RTC\main.asm
               ReadKeypad   0x00043a    program     static C:\Users\Douglas\Downloads\RTC\main.asm
                  _26end_   0x00043a    program     static C:\Users\Douglas\Downloads\RTC\main.asm
             _.org_1_043B   0x00043b    program     static C:\Users\Douglas\Downloads\RTC\main.asm
             _.org_1_0445   0x000445    program     static C:\Users\Douglas\Downloads\RTC\main.asm
             _.org_1_0447   0x000447    program     static C:\Users\Douglas\Downloads\RTC\main.asm
             _.org_1_044F   0x00044f    program     static C:\Users\Douglas\Downloads\RTC\main.asm
            CheckValidBox   0x000451    program     static C:\Users\Douglas\Downloads\RTC\main.asm
         InvalidBoxNumber   0x000456    program     static C:\Users\Douglas\Downloads\RTC\main.asm
                 _27loop_   0x000459    program     static C:\Users\Douglas\Downloads\RTC\main.asm
                  _27end_   0x000461    program     static C:\Users\Douglas\Downloads\RTC\main.asm
                 _28loop_   0x000464    program     static C:\Users\Douglas\Downloads\RTC\main.asm
                  _28end_   0x00046c    program     static C:\Users\Douglas\Downloads\RTC\main.asm
             EnterPattern   0x00046e    program     static C:\Users\Douglas\Downloads\RTC\main.asm
      InvalidPatternStart   0x00046f    program     static C:\Users\Douglas\Downloads\RTC\main.asm
                 _29loop_   0x000472    program     static C:\Users\Douglas\Downloads\RTC\main.asm
                  _29end_   0x00047a    program     static C:\Users\Douglas\Downloads\RTC\main.asm
                 _30loop_   0x000481    program     static C:\Users\Douglas\Downloads\RTC\main.asm
                  _30end_   0x000489    program     static C:\Users\Douglas\Downloads\RTC\main.asm
           PatternWaiting   0x000489    program     static C:\Users\Douglas\Downloads\RTC\main.asm
             _.org_1_048A   0x00048a    program     static C:\Users\Douglas\Downloads\RTC\main.asm
        CheckValidPattern   0x00048f    program     static C:\Users\Douglas\Downloads\RTC\main.asm
     InvalidPatternNumber   0x000493    program     static C:\Users\Douglas\Downloads\RTC\main.asm
                 _31loop_   0x000496    program     static C:\Users\Douglas\Downloads\RTC\main.asm
                  _31end_   0x00049e    program     static C:\Users\Douglas\Downloads\RTC\main.asm
                 _32loop_   0x0004a3    program     static C:\Users\Douglas\Downloads\RTC\main.asm
                  _32end_   0x0004ab    program     static C:\Users\Douglas\Downloads\RTC\main.asm
              GoodPattern   0x0004ad    program     static C:\Users\Douglas\Downloads\RTC\main.asm
             _.org_1_04B5   0x0004b5    program     static C:\Users\Douglas\Downloads\RTC\main.asm
             _.org_1_04B7   0x0004b7    program     static C:\Users\Douglas\Downloads\RTC\main.asm
             _.org_1_04BF   0x0004bf    program     static C:\Users\Douglas\Downloads\RTC\main.asm
                CheckDone   0x0004c0    program     static C:\Users\Douglas\Downloads\RTC\main.asm
            FinalMessages   0x0004c7    program     static C:\Users\Douglas\Downloads\RTC\main.asm
                 _33loop_   0x0004ca    program     static C:\Users\Douglas\Downloads\RTC\main.asm
                  _33end_   0x0004d2    program     static C:\Users\Douglas\Downloads\RTC\main.asm
               AnytoStart   0x0004e0    program     static C:\Users\Douglas\Downloads\RTC\main.asm
                 _34loop_   0x0004e3    program     static C:\Users\Douglas\Downloads\RTC\main.asm
                  _34end_   0x0004eb    program     static C:\Users\Douglas\Downloads\RTC\main.asm
             _.org_1_04EC   0x0004ec    program     static C:\Users\Douglas\Downloads\RTC\main.asm
          SaveTimeStarted   0x0004ed    program     static C:\Users\Douglas\Downloads\RTC\main.asm
           DoneAutonomous   0x000516    program     static C:\Users\Douglas\Downloads\RTC\main.asm
             SaveEndTimes   0x00051f    program     static C:\Users\Douglas\Downloads\RTC\main.asm
                 _41loop_   0x000549    program     static C:\Users\Douglas\Downloads\RTC\main.asm
                  _41end_   0x000551    program     static C:\Users\Douglas\Downloads\RTC\main.asm
                  Standby   0x000552    program     static C:\Users\Douglas\Downloads\RTC\main.asm
                 _45loop_   0x00059a    program     static C:\Users\Douglas\Downloads\RTC\main.asm
                  _45end_   0x0005a2    program     static C:\Users\Douglas\Downloads\RTC\main.asm
            SaveTopEEPROM   0x0005a2    program     static C:\Users\Douglas\Downloads\RTC\main.asm
               OnesSecSub   0x0005ed    program     static C:\Users\Douglas\Downloads\RTC\main.asm
               TensSecSub   0x0005f2    program     static C:\Users\Douglas\Downloads\RTC\main.asm
               OnesMinSub   0x0005f7    program     static C:\Users\Douglas\Downloads\RTC\main.asm
               TensMinSub   0x0005fc    program     static C:\Users\Douglas\Downloads\RTC\main.asm
               OnesHrsSub   0x000601    program     static C:\Users\Douglas\Downloads\RTC\main.asm
               TensHrsSub   0x000606    program     static C:\Users\Douglas\Downloads\RTC\main.asm
          TensHrsnegative   0x00060c    program     static C:\Users\Douglas\Downloads\RTC\main.asm
          OnesHrsnegative   0x00060f    program     static C:\Users\Douglas\Downloads\RTC\main.asm
          TensMinnegative   0x000613    program     static C:\Users\Douglas\Downloads\RTC\main.asm
          OnesMinnegative   0x000617    program     static C:\Users\Douglas\Downloads\RTC\main.asm
          TensSecnegative   0x00061b    program     static C:\Users\Douglas\Downloads\RTC\main.asm
          onessecnegative   0x00061f    program     static C:\Users\Douglas\Downloads\RTC\main.asm
         SaveBottomEEPROM   0x000623    program     static C:\Users\Douglas\Downloads\RTC\main.asm
              endsubtract   0x000623    program     static C:\Users\Douglas\Downloads\RTC\main.asm
       SaveAddressCounter   0x000640    program     static C:\Users\Douglas\Downloads\RTC\main.asm
             _.org_1_0651   0x000651    program     static C:\Users\Douglas\Downloads\RTC\main.asm
           WriteEEPROMTop   0x000657    program     static C:\Users\Douglas\Downloads\RTC\main.asm
        WriteEEPROMBottom   0x00065d    program     static C:\Users\Douglas\Downloads\RTC\main.asm
             _.org_1_0669   0x000669    program     static C:\Users\Douglas\Downloads\RTC\main.asm
              writenumber   0x00066f    program     static C:\Users\Douglas\Downloads\RTC\main.asm
           UpdatePattern1   0x000673    program     static C:\Users\Douglas\Downloads\RTC\main.asm
           UpdatePattern2   0x000677    program     static C:\Users\Douglas\Downloads\RTC\main.asm
           UpdatePattern3   0x00067b    program     static C:\Users\Douglas\Downloads\RTC\main.asm
           ButtonReleased   0x00067d    program     static C:\Users\Douglas\Downloads\RTC\main.asm
             _.org_1_067E   0x00067e    program     static C:\Users\Douglas\Downloads\RTC\main.asm
             lcdLongDelay   0x000680    program     static C:\Users\Douglas\Downloads\RTC\main.asm
                LCD_DELAY   0x000682    program     static C:\Users\Douglas\Downloads\RTC\main.asm
                 LLD_LOOP   0x000682    program     static C:\Users\Douglas\Downloads\RTC\main.asm
         i2c_common_setup   0x000685    program     extern C:\Users\Douglas\Downloads\RTC\i2c_common.asm
              _.code_0010   0x000695    program     static C:\Users\Douglas\Downloads\RTC\i2c_common.asm
                write_rtc   0x000697    program     extern C:\Users\Douglas\Downloads\RTC\i2c_common.asm
              _.code_0016   0x00069b    program     static C:\Users\Douglas\Downloads\RTC\i2c_common.asm
              _.code_001E   0x0006a3    program     static C:\Users\Douglas\Downloads\RTC\i2c_common.asm
              _.code_002E   0x0006b3    program     static C:\Users\Douglas\Downloads\RTC\i2c_common.asm
              _.code_003E   0x0006c3    program     static C:\Users\Douglas\Downloads\RTC\i2c_common.asm
                   WR_ERR   0x0006cb    program     static C:\Users\Douglas\Downloads\RTC\i2c_common.asm
                   WR_END   0x0006cc    program     static C:\Users\Douglas\Downloads\RTC\i2c_common.asm
              _.code_004B   0x0006d0    program     static C:\Users\Douglas\Downloads\RTC\i2c_common.asm
                 read_rtc   0x0006d2    program     extern C:\Users\Douglas\Downloads\RTC\i2c_common.asm
              _.code_0051   0x0006d6    program     static C:\Users\Douglas\Downloads\RTC\i2c_common.asm
              _.code_0059   0x0006de    program     static C:\Users\Douglas\Downloads\RTC\i2c_common.asm
              _.code_0069   0x0006ee    program     static C:\Users\Douglas\Downloads\RTC\i2c_common.asm
              _.code_0074   0x0006f9    program     static C:\Users\Douglas\Downloads\RTC\i2c_common.asm
              _.code_007C   0x000701    program     static C:\Users\Douglas\Downloads\RTC\i2c_common.asm
              _.code_0087   0x00070c    program     static C:\Users\Douglas\Downloads\RTC\i2c_common.asm
              _.code_0093   0x000718    program     static C:\Users\Douglas\Downloads\RTC\i2c_common.asm
                   RD_ERR   0x00071a    program     static C:\Users\Douglas\Downloads\RTC\i2c_common.asm
                   RD_END   0x00071b    program     static C:\Users\Douglas\Downloads\RTC\i2c_common.asm
              _.code_009A   0x00071f    program     static C:\Users\Douglas\Downloads\RTC\i2c_common.asm
              rtc_convert   0x000721    program     extern C:\Users\Douglas\Downloads\RTC\i2c_common.asm
                p2p_write   0x00072f    program     extern C:\Users\Douglas\Downloads\RTC\i2c_common.asm
              _.code_00AE   0x000733    program     static C:\Users\Douglas\Downloads\RTC\i2c_common.asm
              _.code_00B6   0x00073b    program     static C:\Users\Douglas\Downloads\RTC\i2c_common.asm
              _.code_00C6   0x00074b    program     static C:\Users\Douglas\Downloads\RTC\i2c_common.asm
                    W_END   0x000753    program     static C:\Users\Douglas\Downloads\RTC\i2c_common.asm
              _.code_00D2   0x000757    program     static C:\Users\Douglas\Downloads\RTC\i2c_common.asm
                 p2p_read   0x000759    program     extern C:\Users\Douglas\Downloads\RTC\i2c_common.asm
              _.code_00D8   0x00075d    program     static C:\Users\Douglas\Downloads\RTC\i2c_common.asm
              _.code_00E0   0x000765    program     static C:\Users\Douglas\Downloads\RTC\i2c_common.asm
              _.code_00EB   0x000770    program     static C:\Users\Douglas\Downloads\RTC\i2c_common.asm
              _.code_00F7   0x00077c    program     static C:\Users\Douglas\Downloads\RTC\i2c_common.asm
                    R_END   0x00077d    program     static C:\Users\Douglas\Downloads\RTC\i2c_common.asm
              _.code_00FC   0x000781    program     static C:\Users\Douglas\Downloads\RTC\i2c_common.asm
                  InitLCD   0x000783    program     extern C:\Users\Douglas\Downloads\RTC\lcd.asm
                   ClrLCD   0x0007a1    program     extern C:\Users\Douglas\Downloads\RTC\lcd.asm
                   WR_INS   0x0007a4    program     extern C:\Users\Douglas\Downloads\RTC\lcd.asm
                  WR_DATA   0x0007b3    program     extern C:\Users\Douglas\Downloads\RTC\lcd.asm
             lcdLongDelay   0x0007c4    program     static C:\Users\Douglas\Downloads\RTC\lcd.asm
                 LLD_LOOP   0x0007c6    program     static C:\Users\Douglas\Downloads\RTC\lcd.asm
              _.code_0046   0x0007c9    program     static C:\Users\Douglas\Downloads\RTC\lcd.asm
                  Loading   0x000800    program     static C:\Users\Douglas\Downloads\RTC\main.asm
        LoadPatternNumber   0x000803    program     static C:\Users\Douglas\Downloads\RTC\main.asm
       LoadPatternNumber1   0x000808    program     static C:\Users\Douglas\Downloads\RTC\main.asm
       LoadPatternNumber2   0x00080b    program     static C:\Users\Douglas\Downloads\RTC\main.asm
       LoadPatternNumber3   0x00080e    program     static C:\Users\Douglas\Downloads\RTC\main.asm
              LoadPattern   0x000811    program     static C:\Users\Douglas\Downloads\RTC\main.asm
               LowPattern   0x000814    program     static C:\Users\Douglas\Downloads\RTC\main.asm
             LoadPattern3   0x000819    program     static C:\Users\Douglas\Downloads\RTC\main.asm
             LoadPattern2   0x00081c    program     static C:\Users\Douglas\Downloads\RTC\main.asm
             LoadPattern1   0x00081f    program     static C:\Users\Douglas\Downloads\RTC\main.asm
              HighPattern   0x000822    program     static C:\Users\Douglas\Downloads\RTC\main.asm
             LoadPattern6   0x000827    program     static C:\Users\Douglas\Downloads\RTC\main.asm
             LoadPattern5   0x00082a    program     static C:\Users\Douglas\Downloads\RTC\main.asm
             LoadPattern4   0x00082d    program     static C:\Users\Douglas\Downloads\RTC\main.asm
       DoneLoadingPattern   0x000830    program     static C:\Users\Douglas\Downloads\RTC\main.asm
                  LoadBox   0x000831    program     static C:\Users\Douglas\Downloads\RTC\main.asm
              LoadBoxLoop   0x000833    program     static C:\Users\Douglas\Downloads\RTC\main.asm
               DoneMoving   0x000844    program     static C:\Users\Douglas\Downloads\RTC\main.asm
              NotFirstBox   0x00084a    program     static C:\Users\Douglas\Downloads\RTC\main.asm
             MoveFirstBox   0x00084c    program     static C:\Users\Douglas\Downloads\RTC\main.asm
                  MoveBox   0x000857    program     static C:\Users\Douglas\Downloads\RTC\main.asm
              MoveBoxSlow   0x00085b    program     static C:\Users\Douglas\Downloads\RTC\main.asm
             DispenseBall   0x000868    program     static C:\Users\Douglas\Downloads\RTC\main.asm
           DispenseOrange   0x00086b    program     static C:\Users\Douglas\Downloads\RTC\main.asm
            DispenseWhite   0x00086f    program     static C:\Users\Douglas\Downloads\RTC\main.asm
         SeparatorClock60   0x000873    program     static C:\Users\Douglas\Downloads\RTC\main.asm
  SeparatorClock_Rotation   0x000875    program     static C:\Users\Douglas\Downloads\RTC\main.asm
            SeparatorCC60   0x000891    program     static C:\Users\Douglas\Downloads\RTC\main.asm
     SeparatorCC_Rotation   0x000893    program     static C:\Users\Douglas\Downloads\RTC\main.asm
                    CC_60   0x0008c1    program     static C:\Users\Douglas\Downloads\RTC\main.asm
        Appropriate_Delay   0x0008ef    program     static C:\Users\Douglas\Downloads\RTC\main.asm
               Disk_Delay   0x0008f3    program     static C:\Users\Douglas\Downloads\RTC\main.asm
           DoneDispensing   0x0008f5    program     static C:\Users\Douglas\Downloads\RTC\main.asm
                    HalfS   0x000901    program     static C:\Users\Douglas\Downloads\RTC\main.asm
                _0HalfS_0   0x000907    program     static C:\Users\Douglas\Downloads\RTC\main.asm
             _.org_2_0908   0x000908    program     static C:\Users\Douglas\Downloads\RTC\main.asm
             _.org_2_090A   0x00090a    program     static C:\Users\Douglas\Downloads\RTC\main.asm
             _.org_2_090D   0x00090d    program     static C:\Users\Douglas\Downloads\RTC\main.asm
                  point06   0x000911    program     static C:\Users\Douglas\Downloads\RTC\main.asm
                point06_0   0x000915    program     static C:\Users\Douglas\Downloads\RTC\main.asm
             _.org_2_0916   0x000916    program     static C:\Users\Douglas\Downloads\RTC\main.asm
             _.org_2_0919   0x000919    program     static C:\Users\Douglas\Downloads\RTC\main.asm
                  point01   0x00091b    program     static C:\Users\Douglas\Downloads\RTC\main.asm
                point01_0   0x00091f    program     static C:\Users\Douglas\Downloads\RTC\main.asm
             _.org_2_0920   0x000920    program     static C:\Users\Douglas\Downloads\RTC\main.asm
             _.org_2_0923   0x000923    program     static C:\Users\Douglas\Downloads\RTC\main.asm
             zeropointone   0x000925    program     static C:\Users\Douglas\Downloads\RTC\main.asm
                  Delay_0   0x000929    program     static C:\Users\Douglas\Downloads\RTC\main.asm
             _.org_2_092A   0x00092a    program     static C:\Users\Douglas\Downloads\RTC\main.asm
             _.org_2_092D   0x00092d    program     static C:\Users\Douglas\Downloads\RTC\main.asm
                       QS   0x00092f    program     static C:\Users\Douglas\Downloads\RTC\main.asm
                     QS_0   0x000933    program     static C:\Users\Douglas\Downloads\RTC\main.asm
             _.org_2_0934   0x000934    program     static C:\Users\Douglas\Downloads\RTC\main.asm
             _.org_2_0937   0x000937    program     static C:\Users\Douglas\Downloads\RTC\main.asm
                  EndMenu   0x00093a    program     static C:\Users\Douglas\Downloads\RTC\main.asm
             _.org_2_0971   0x000971    program     static C:\Users\Douglas\Downloads\RTC\main.asm
           GoodinputPage1   0x000973    program     static C:\Users\Douglas\Downloads\RTC\main.asm
          CheckvalidPage1   0x000978    program     static C:\Users\Douglas\Downloads\RTC\main.asm
             InvalidPage1   0x00097f    program     static C:\Users\Douglas\Downloads\RTC\main.asm
              InvalidPage   0x000983    program     static C:\Users\Douglas\Downloads\RTC\main.asm
        SecondPageEndMenu   0x0009bd    program     static C:\Users\Douglas\Downloads\RTC\main.asm
             _.org_2_09F6   0x0009f6    program     static C:\Users\Douglas\Downloads\RTC\main.asm
           GoodinputPage2   0x0009f8    program     static C:\Users\Douglas\Downloads\RTC\main.asm
          CheckvalidPage2   0x0009fd    program     static C:\Users\Douglas\Downloads\RTC\main.asm
             InvalidPage2   0x000a04    program     static C:\Users\Douglas\Downloads\RTC\main.asm
         DisplayDateEnded   0x000a08    program     static C:\Users\Douglas\Downloads\RTC\main.asm
         ThirdPageEndMenu   0x000a47    program     static C:\Users\Douglas\Downloads\RTC\main.asm
             _.org_2_0A78   0x000a78    program     static C:\Users\Douglas\Downloads\RTC\main.asm
           GoodinputPage3   0x000a7a    program     static C:\Users\Douglas\Downloads\RTC\main.asm
          CheckvalidPage3   0x000a7d    program     static C:\Users\Douglas\Downloads\RTC\main.asm
             InvalidPage3   0x000a82    program     static C:\Users\Douglas\Downloads\RTC\main.asm
             NewOperation   0x000a86    program     static C:\Users\Douglas\Downloads\RTC\main.asm
        FourthPageEndMenu   0x000a8b    program     static C:\Users\Douglas\Downloads\RTC\main.asm
             _.org_2_0ABC   0x000abc    program     static C:\Users\Douglas\Downloads\RTC\main.asm
           GoodinputPage4   0x000abe    program     static C:\Users\Douglas\Downloads\RTC\main.asm
          CheckvalidPage4   0x000ac1    program     static C:\Users\Douglas\Downloads\RTC\main.asm
             InvalidPage4   0x000ac6    program     static C:\Users\Douglas\Downloads\RTC\main.asm
             DownloadLogs   0x000aca    program     static C:\Users\Douglas\Downloads\RTC\main.asm
                   initPC   0x000ad9    program     static C:\Users\Douglas\Downloads\RTC\main.asm
               RS232Setup   0x000ae0    program     static C:\Users\Douglas\Downloads\RTC\main.asm
                    start   0x000aea    program     static C:\Users\Douglas\Downloads\RTC\main.asm
              Date_of_End   0x000b12    program     static C:\Users\Douglas\Downloads\RTC\main.asm
                  DateEnd   0x000b14    program     static C:\Users\Douglas\Downloads\RTC\main.asm
              Actual_Date   0x000b32    program     static C:\Users\Douglas\Downloads\RTC\main.asm
                  NewLine   0x000b5b    program     static C:\Users\Douglas\Downloads\RTC\main.asm
             Send_Working   0x000b60    program     static C:\Users\Douglas\Downloads\RTC\main.asm
             _.org_2_0B63   0x000b63    program     static C:\Users\Douglas\Downloads\RTC\main.asm
      Send_Working_Number   0x000b66    program     static C:\Users\Douglas\Downloads\RTC\main.asm
          Patterns_Picked   0x000b69    program     static C:\Users\Douglas\Downloads\RTC\main.asm
          Pattern_Convert   0x000b91    program     static C:\Users\Douglas\Downloads\RTC\main.asm
             Pattern_Good   0x000b96    program     static C:\Users\Douglas\Downloads\RTC\main.asm
                 convert8   0x000b98    program     static C:\Users\Douglas\Downloads\RTC\main.asm
                     add1   0x000b9a    program     static C:\Users\Douglas\Downloads\RTC\main.asm
          Actual_Patterns   0x000b9c    program     static C:\Users\Douglas\Downloads\RTC\main.asm
                WhiteLeft   0x000bac    program     static C:\Users\Douglas\Downloads\RTC\main.asm
             SendTheBalls   0x000bc6    program     static C:\Users\Douglas\Downloads\RTC\main.asm
             OverNineSend   0x000bcb    program     static C:\Users\Douglas\Downloads\RTC\main.asm
            UnderNineSend   0x000bcf    program     static C:\Users\Douglas\Downloads\RTC\main.asm
             Actual_White   0x000bd2    program     static C:\Users\Douglas\Downloads\RTC\main.asm
               OrangeLeft   0x000bd8    program     static C:\Users\Douglas\Downloads\RTC\main.asm
            Actual_Orange   0x000bf3    program     static C:\Users\Douglas\Downloads\RTC\main.asm
             Time_Elapsed   0x000bf9    program     static C:\Users\Douglas\Downloads\RTC\main.asm
              Actual_Time   0x000c16    program     static C:\Users\Douglas\Downloads\RTC\main.asm
    FinishDownloadingLogs   0x000c26    program     static C:\Users\Douglas\Downloads\RTC\main.asm
         DisplayTimeTaken   0x000c67    program     static C:\Users\Douglas\Downloads\RTC\main.asm
                BallsMenu   0x000ca3    program     static C:\Users\Douglas\Downloads\RTC\main.asm
             _.org_2_0CC9   0x000cc9    program     static C:\Users\Douglas\Downloads\RTC\main.asm
                    White   0x000ccd    program     static C:\Users\Douglas\Downloads\RTC\main.asm
                   Orange   0x000cd9    program     static C:\Users\Douglas\Downloads\RTC\main.asm
                 OverNine   0x000ce5    program     static C:\Users\Douglas\Downloads\RTC\main.asm
             DoneChecking   0x000cec    program     static C:\Users\Douglas\Downloads\RTC\main.asm
           PatternsChosen   0x000cf6    program     static C:\Users\Douglas\Downloads\RTC\main.asm
                   GoBack   0x000d1e    program     static C:\Users\Douglas\Downloads\RTC\main.asm
          Switch_To_Page0   0x000d3c    program     static C:\Users\Douglas\Downloads\RTC\main.asm
                  lcd_tmp   0x000071       data     static C:\Users\Douglas\Downloads\RTC\lcd.asm
                   lcd_d1   0x000072       data     static C:\Users\Douglas\Downloads\RTC\lcd.asm
                   lcd_d2   0x000073       data     static C:\Users\Douglas\Downloads\RTC\lcd.asm
                      com   0x000074       data     static C:\Users\Douglas\Downloads\RTC\lcd.asm
                      dat   0x000075       data     static C:\Users\Douglas\Downloads\RTC\lcd.asm
                   COUNTH   0x000076       data     static C:\Users\Douglas\Downloads\RTC\main.asm
                   COUNTM   0x000077       data     static C:\Users\Douglas\Downloads\RTC\main.asm
                   COUNTL   0x000078       data     static C:\Users\Douglas\Downloads\RTC\main.asm


